MPLINK 5.09, LINKER
Linker Map File - Created Sun Aug 30 22:03:01 2020

                                 Section Info
                  Section       Type    Address   Location Size(Bytes)
                ---------  ---------  ---------  ---------  ---------
                   .org_0       code   0x000000    program   0x000004
                   .cinit    romdata   0x000004    program   0x000002
                   .org_1       code   0x000020    program   0x00010a
.config_300000_BUILD/DEFAULT/PRODUCTION/MAIN.O    romdata   0x300000    program   0x000001
.config_300001_BUILD/DEFAULT/PRODUCTION/MAIN.O    romdata   0x300001    program   0x000001
.config_300002_BUILD/DEFAULT/PRODUCTION/MAIN.O    romdata   0x300002    program   0x000001
.config_300003_BUILD/DEFAULT/PRODUCTION/MAIN.O    romdata   0x300003    program   0x000001
.config_300005_BUILD/DEFAULT/PRODUCTION/MAIN.O    romdata   0x300005    program   0x000001
.config_300006_BUILD/DEFAULT/PRODUCTION/MAIN.O    romdata   0x300006    program   0x000001
.config_300008_BUILD/DEFAULT/PRODUCTION/MAIN.O    romdata   0x300008    program   0x000001
.config_300009_BUILD/DEFAULT/PRODUCTION/MAIN.O    romdata   0x300009    program   0x000001
.config_30000A_BUILD/DEFAULT/PRODUCTION/MAIN.O    romdata   0x30000a    program   0x000001
.config_30000B_BUILD/DEFAULT/PRODUCTION/MAIN.O    romdata   0x30000b    program   0x000001
.config_30000C_BUILD/DEFAULT/PRODUCTION/MAIN.O    romdata   0x30000c    program   0x000001
.config_30000D_BUILD/DEFAULT/PRODUCTION/MAIN.O    romdata   0x30000d    program   0x000001



                              Program Memory Usage 
                               Start         End      
                           ---------   ---------      
                            0x000000    0x000005      
                            0x000020    0x000129      
                            0x300000    0x300003      
                            0x300005    0x300006      
                            0x300008    0x30000d      
            284 out of 33048 program addresses used, program memory utilization is 0%



                              Symbols - Sorted by Name
                     Name    Address   Location    Storage File                     
                ---------  ---------  ---------  --------- ---------                
      Actualizar_Puerto_D   0x000056    program     static C:\Users\Raul\Desktop\UPC\UPC_2020_2\Codigos\S3\3_Ejm_3.X\main.asm
       Incrementar_Cuenta   0x00004e    program     static C:\Users\Raul\Desktop\UPC\UPC_2020_2\Codigos\S3\3_Ejm_3.X\main.asm
                     LOOP   0x000030    program     static C:\Users\Raul\Desktop\UPC\UPC_2020_2\Codigos\S3\3_Ejm_3.X\main.asm
      Pulsador_Presionado   0x000044    program     static C:\Users\Raul\Desktop\UPC\UPC_2020_2\Codigos\S3\3_Ejm_3.X\main.asm
       Reiniciar_Contador   0x000054    program     static C:\Users\Raul\Desktop\UPC\UPC_2020_2\Codigos\S3\3_Ejm_3.X\main.asm
            RetardoMicros   0x00008c    program     static C:\Users\Raul\Desktop\UPC\UPC_2020_2\Codigos\S3\3_Ejm_3.X\retardos.inc
        Retardo_100micros   0x00007a    program     static C:\Users\Raul\Desktop\UPC\UPC_2020_2\Codigos\S3\3_Ejm_3.X\retardos.inc
            Retardo_100ms   0x00009c    program     static C:\Users\Raul\Desktop\UPC\UPC_2020_2\Codigos\S3\3_Ejm_3.X\retardos.inc
         Retardo_10micros   0x00005c    program     static C:\Users\Raul\Desktop\UPC\UPC_2020_2\Codigos\S3\3_Ejm_3.X\retardos.inc
             Retardo_10ms   0x0000ba    program     static C:\Users\Raul\Desktop\UPC\UPC_2020_2\Codigos\S3\3_Ejm_3.X\retardos.inc
              Retardo_10s   0x0000ea    program     static C:\Users\Raul\Desktop\UPC\UPC_2020_2\Codigos\S3\3_Ejm_3.X\retardos.inc
             Retardo_15ms   0x0000b4    program     static C:\Users\Raul\Desktop\UPC\UPC_2020_2\Codigos\S3\3_Ejm_3.X\retardos.inc
             Retardo_18ms   0x0000ae    program     static C:\Users\Raul\Desktop\UPC\UPC_2020_2\Codigos\S3\3_Ejm_3.X\retardos.inc
              Retardo_1ms   0x0000cc    program     static C:\Users\Raul\Desktop\UPC\UPC_2020_2\Codigos\S3\3_Ejm_3.X\retardos.inc
               Retardo_1s   0x000102    program     static C:\Users\Raul\Desktop\UPC\UPC_2020_2\Codigos\S3\3_Ejm_3.X\retardos.inc
        Retardo_200micros   0x000072    program     static C:\Users\Raul\Desktop\UPC\UPC_2020_2\Codigos\S3\3_Ejm_3.X\retardos.inc
            Retardo_200ms   0x000096    program     static C:\Users\Raul\Desktop\UPC\UPC_2020_2\Codigos\S3\3_Ejm_3.X\retardos.inc
         Retardo_20micros   0x00008a    program     static C:\Users\Raul\Desktop\UPC\UPC_2020_2\Codigos\S3\3_Ejm_3.X\retardos.inc
             Retardo_20ms   0x0000a8    program     static C:\Users\Raul\Desktop\UPC\UPC_2020_2\Codigos\S3\3_Ejm_3.X\retardos.inc
              Retardo_20s   0x0000e4    program     static C:\Users\Raul\Desktop\UPC\UPC_2020_2\Codigos\S3\3_Ejm_3.X\retardos.inc
              Retardo_2ms   0x0000c6    program     static C:\Users\Raul\Desktop\UPC\UPC_2020_2\Codigos\S3\3_Ejm_3.X\retardos.inc
               Retardo_2s   0x0000f6    program     static C:\Users\Raul\Desktop\UPC\UPC_2020_2\Codigos\S3\3_Ejm_3.X\retardos.inc
               Retardo_3s   0x0000fc    program     static C:\Users\Raul\Desktop\UPC\UPC_2020_2\Codigos\S3\3_Ejm_3.X\retardos.inc
          Retardo_4micros   0x000068    program     static C:\Users\Raul\Desktop\UPC\UPC_2020_2\Codigos\S3\3_Ejm_3.X\retardos.inc
        Retardo_500micros   0x00006a    program     static C:\Users\Raul\Desktop\UPC\UPC_2020_2\Codigos\S3\3_Ejm_3.X\retardos.inc
            Retardo_500ms   0x000108    program     static C:\Users\Raul\Desktop\UPC\UPC_2020_2\Codigos\S3\3_Ejm_3.X\retardos.inc
         Retardo_50micros   0x000082    program     static C:\Users\Raul\Desktop\UPC\UPC_2020_2\Codigos\S3\3_Ejm_3.X\retardos.inc
             Retardo_50ms   0x0000a2    program     static C:\Users\Raul\Desktop\UPC\UPC_2020_2\Codigos\S3\3_Ejm_3.X\retardos.inc
          Retardo_5micros   0x000066    program     static C:\Users\Raul\Desktop\UPC\UPC_2020_2\Codigos\S3\3_Ejm_3.X\retardos.inc
              Retardo_5ms   0x0000c0    program     static C:\Users\Raul\Desktop\UPC\UPC_2020_2\Codigos\S3\3_Ejm_3.X\retardos.inc
               Retardo_5s   0x0000f0    program     static C:\Users\Raul\Desktop\UPC\UPC_2020_2\Codigos\S3\3_Ejm_3.X\retardos.inc
            Retardo_DLoop   0x00010c    program     static C:\Users\Raul\Desktop\UPC\UPC_2020_2\Codigos\S3\3_Ejm_3.X\retardos.inc
           Retardo_DLoop2   0x000110    program     static C:\Users\Raul\Desktop\UPC\UPC_2020_2\Codigos\S3\3_Ejm_3.X\retardos.inc
           Retardo_DLoop3   0x000114    program     static C:\Users\Raul\Desktop\UPC\UPC_2020_2\Codigos\S3\3_Ejm_3.X\retardos.inc
           Retardo_Decima   0x00010a    program     static C:\Users\Raul\Desktop\UPC\UPC_2020_2\Codigos\S3\3_Ejm_3.X\retardos.inc
             Retardo_Loop   0x00008e    program     static C:\Users\Raul\Desktop\UPC\UPC_2020_2\Codigos\S3\3_Ejm_3.X\retardos.inc
            Retardo_Loop1   0x0000d0    program     static C:\Users\Raul\Desktop\UPC\UPC_2020_2\Codigos\S3\3_Ejm_3.X\retardos.inc
            Retardo_Loop2   0x0000d4    program     static C:\Users\Raul\Desktop\UPC\UPC_2020_2\Codigos\S3\3_Ejm_3.X\retardos.inc
               Retardo_ms   0x0000ce    program     static C:\Users\Raul\Desktop\UPC\UPC_2020_2\Codigos\S3\3_Ejm_3.X\retardos.inc
                    SETUP   0x000020    program     static C:\Users\Raul\Desktop\UPC\UPC_2020_2\Codigos\S3\3_Ejm_3.X\main.asm



                              Symbols - Sorted by Address
                     Name    Address   Location    Storage File                     
                ---------  ---------  ---------  --------- ---------                
                    SETUP   0x000020    program     static C:\Users\Raul\Desktop\UPC\UPC_2020_2\Codigos\S3\3_Ejm_3.X\main.asm
                     LOOP   0x000030    program     static C:\Users\Raul\Desktop\UPC\UPC_2020_2\Codigos\S3\3_Ejm_3.X\main.asm
      Pulsador_Presionado   0x000044    program     static C:\Users\Raul\Desktop\UPC\UPC_2020_2\Codigos\S3\3_Ejm_3.X\main.asm
       Incrementar_Cuenta   0x00004e    program     static C:\Users\Raul\Desktop\UPC\UPC_2020_2\Codigos\S3\3_Ejm_3.X\main.asm
       Reiniciar_Contador   0x000054    program     static C:\Users\Raul\Desktop\UPC\UPC_2020_2\Codigos\S3\3_Ejm_3.X\main.asm
      Actualizar_Puerto_D   0x000056    program     static C:\Users\Raul\Desktop\UPC\UPC_2020_2\Codigos\S3\3_Ejm_3.X\main.asm
         Retardo_10micros   0x00005c    program     static C:\Users\Raul\Desktop\UPC\UPC_2020_2\Codigos\S3\3_Ejm_3.X\retardos.inc
          Retardo_5micros   0x000066    program     static C:\Users\Raul\Desktop\UPC\UPC_2020_2\Codigos\S3\3_Ejm_3.X\retardos.inc
          Retardo_4micros   0x000068    program     static C:\Users\Raul\Desktop\UPC\UPC_2020_2\Codigos\S3\3_Ejm_3.X\retardos.inc
        Retardo_500micros   0x00006a    program     static C:\Users\Raul\Desktop\UPC\UPC_2020_2\Codigos\S3\3_Ejm_3.X\retardos.inc
        Retardo_200micros   0x000072    program     static C:\Users\Raul\Desktop\UPC\UPC_2020_2\Codigos\S3\3_Ejm_3.X\retardos.inc
        Retardo_100micros   0x00007a    program     static C:\Users\Raul\Desktop\UPC\UPC_2020_2\Codigos\S3\3_Ejm_3.X\retardos.inc
         Retardo_50micros   0x000082    program     static C:\Users\Raul\Desktop\UPC\UPC_2020_2\Codigos\S3\3_Ejm_3.X\retardos.inc
         Retardo_20micros   0x00008a    program     static C:\Users\Raul\Desktop\UPC\UPC_2020_2\Codigos\S3\3_Ejm_3.X\retardos.inc
            RetardoMicros   0x00008c    program     static C:\Users\Raul\Desktop\UPC\UPC_2020_2\Codigos\S3\3_Ejm_3.X\retardos.inc
             Retardo_Loop   0x00008e    program     static C:\Users\Raul\Desktop\UPC\UPC_2020_2\Codigos\S3\3_Ejm_3.X\retardos.inc
            Retardo_200ms   0x000096    program     static C:\Users\Raul\Desktop\UPC\UPC_2020_2\Codigos\S3\3_Ejm_3.X\retardos.inc
            Retardo_100ms   0x00009c    program     static C:\Users\Raul\Desktop\UPC\UPC_2020_2\Codigos\S3\3_Ejm_3.X\retardos.inc
             Retardo_50ms   0x0000a2    program     static C:\Users\Raul\Desktop\UPC\UPC_2020_2\Codigos\S3\3_Ejm_3.X\retardos.inc
             Retardo_20ms   0x0000a8    program     static C:\Users\Raul\Desktop\UPC\UPC_2020_2\Codigos\S3\3_Ejm_3.X\retardos.inc
             Retardo_18ms   0x0000ae    program     static C:\Users\Raul\Desktop\UPC\UPC_2020_2\Codigos\S3\3_Ejm_3.X\retardos.inc
             Retardo_15ms   0x0000b4    program     static C:\Users\Raul\Desktop\UPC\UPC_2020_2\Codigos\S3\3_Ejm_3.X\retardos.inc
             Retardo_10ms   0x0000ba    program     static C:\Users\Raul\Desktop\UPC\UPC_2020_2\Codigos\S3\3_Ejm_3.X\retardos.inc
              Retardo_5ms   0x0000c0    program     static C:\Users\Raul\Desktop\UPC\UPC_2020_2\Codigos\S3\3_Ejm_3.X\retardos.inc
              Retardo_2ms   0x0000c6    program     static C:\Users\Raul\Desktop\UPC\UPC_2020_2\Codigos\S3\3_Ejm_3.X\retardos.inc
              Retardo_1ms   0x0000cc    program     static C:\Users\Raul\Desktop\UPC\UPC_2020_2\Codigos\S3\3_Ejm_3.X\retardos.inc
               Retardo_ms   0x0000ce    program     static C:\Users\Raul\Desktop\UPC\UPC_2020_2\Codigos\S3\3_Ejm_3.X\retardos.inc
            Retardo_Loop1   0x0000d0    program     static C:\Users\Raul\Desktop\UPC\UPC_2020_2\Codigos\S3\3_Ejm_3.X\retardos.inc
            Retardo_Loop2   0x0000d4    program     static C:\Users\Raul\Desktop\UPC\UPC_2020_2\Codigos\S3\3_Ejm_3.X\retardos.inc
              Retardo_20s   0x0000e4    program     static C:\Users\Raul\Desktop\UPC\UPC_2020_2\Codigos\S3\3_Ejm_3.X\retardos.inc
              Retardo_10s   0x0000ea    program     static C:\Users\Raul\Desktop\UPC\UPC_2020_2\Codigos\S3\3_Ejm_3.X\retardos.inc
               Retardo_5s   0x0000f0    program     static C:\Users\Raul\Desktop\UPC\UPC_2020_2\Codigos\S3\3_Ejm_3.X\retardos.inc
               Retardo_2s   0x0000f6    program     static C:\Users\Raul\Desktop\UPC\UPC_2020_2\Codigos\S3\3_Ejm_3.X\retardos.inc
               Retardo_3s   0x0000fc    program     static C:\Users\Raul\Desktop\UPC\UPC_2020_2\Codigos\S3\3_Ejm_3.X\retardos.inc
               Retardo_1s   0x000102    program     static C:\Users\Raul\Desktop\UPC\UPC_2020_2\Codigos\S3\3_Ejm_3.X\retardos.inc
            Retardo_500ms   0x000108    program     static C:\Users\Raul\Desktop\UPC\UPC_2020_2\Codigos\S3\3_Ejm_3.X\retardos.inc
           Retardo_Decima   0x00010a    program     static C:\Users\Raul\Desktop\UPC\UPC_2020_2\Codigos\S3\3_Ejm_3.X\retardos.inc
            Retardo_DLoop   0x00010c    program     static C:\Users\Raul\Desktop\UPC\UPC_2020_2\Codigos\S3\3_Ejm_3.X\retardos.inc
           Retardo_DLoop2   0x000110    program     static C:\Users\Raul\Desktop\UPC\UPC_2020_2\Codigos\S3\3_Ejm_3.X\retardos.inc
           Retardo_DLoop3   0x000114    program     static C:\Users\Raul\Desktop\UPC\UPC_2020_2\Codigos\S3\3_Ejm_3.X\retardos.inc


